------------------------------------------------------------
TimeQuest Timing Analyzer Summary
------------------------------------------------------------

Type  : Slow 1100mV 85C Model Setup 'AUD_ADCLRCK'
Slack : -10.081
TNS   : -4278.578

Type  : Slow 1100mV 85C Model Setup 'AUD_BCLK'
Slack : -7.370
TNS   : -160.522

Type  : Slow 1100mV 85C Model Setup 'CLOCK_500:b2v_inst4|COUNTER_500[9]'
Slack : -4.839
TNS   : -85.090

Type  : Slow 1100mV 85C Model Setup 'CLOCK_50'
Slack : -3.881
TNS   : -13.780

Type  : Slow 1100mV 85C Model Setup 'keytr:KEY_0|KEYON'
Slack : -2.445
TNS   : -30.877

Type  : Slow 1100mV 85C Model Setup 'i2c:b2v_inst|END_TR'
Slack : -1.941
TNS   : -28.764

Type  : Slow 1100mV 85C Model Hold 'CLOCK_500:b2v_inst4|COUNTER_500[9]'
Slack : 0.159
TNS   : 0.000

Type  : Slow 1100mV 85C Model Hold 'CLOCK_50'
Slack : 0.176
TNS   : 0.000

Type  : Slow 1100mV 85C Model Hold 'AUD_BCLK'
Slack : 0.221
TNS   : 0.000

Type  : Slow 1100mV 85C Model Hold 'i2c:b2v_inst|END_TR'
Slack : 0.221
TNS   : 0.000

Type  : Slow 1100mV 85C Model Hold 'AUD_ADCLRCK'
Slack : 0.247
TNS   : 0.000

Type  : Slow 1100mV 85C Model Hold 'keytr:KEY_0|KEYON'
Slack : 0.776
TNS   : 0.000

Type  : Slow 1100mV 85C Model Recovery 'i2c:b2v_inst|END_TR'
Slack : -4.820
TNS   : -33.720

Type  : Slow 1100mV 85C Model Recovery 'CLOCK_500:b2v_inst4|COUNTER_500[9]'
Slack : -1.419
TNS   : -26.870

Type  : Slow 1100mV 85C Model Removal 'CLOCK_500:b2v_inst4|COUNTER_500[9]'
Slack : 0.431
TNS   : 0.000

Type  : Slow 1100mV 85C Model Removal 'i2c:b2v_inst|END_TR'
Slack : 0.573
TNS   : 0.000

Type  : Slow 1100mV 85C Model Minimum Pulse Width 'AUD_ADCLRCK'
Slack : -2.225
TNS   : -6520.286

Type  : Slow 1100mV 85C Model Minimum Pulse Width 'AUD_BCLK'
Slack : -0.394
TNS   : -26.818

Type  : Slow 1100mV 85C Model Minimum Pulse Width 'CLOCK_500:b2v_inst4|COUNTER_500[9]'
Slack : -0.394
TNS   : -18.293

Type  : Slow 1100mV 85C Model Minimum Pulse Width 'i2c:b2v_inst|END_TR'
Slack : -0.394
TNS   : -10.622

Type  : Slow 1100mV 85C Model Minimum Pulse Width 'keytr:KEY_0|KEYON'
Slack : -0.394
TNS   : -8.811

Type  : Slow 1100mV 85C Model Minimum Pulse Width 'CLOCK_50'
Slack : -0.394
TNS   : -6.501

Type  : Slow 1100mV 0C Model Setup 'AUD_ADCLRCK'
Slack : -10.283
TNS   : -4084.488

Type  : Slow 1100mV 0C Model Setup 'AUD_BCLK'
Slack : -7.030
TNS   : -152.177

Type  : Slow 1100mV 0C Model Setup 'CLOCK_500:b2v_inst4|COUNTER_500[9]'
Slack : -4.898
TNS   : -84.752

Type  : Slow 1100mV 0C Model Setup 'CLOCK_50'
Slack : -3.838
TNS   : -14.023

Type  : Slow 1100mV 0C Model Setup 'keytr:KEY_0|KEYON'
Slack : -2.357
TNS   : -31.877

Type  : Slow 1100mV 0C Model Setup 'i2c:b2v_inst|END_TR'
Slack : -1.859
TNS   : -27.755

Type  : Slow 1100mV 0C Model Hold 'CLOCK_50'
Slack : -0.051
TNS   : -0.051

Type  : Slow 1100mV 0C Model Hold 'i2c:b2v_inst|END_TR'
Slack : 0.148
TNS   : 0.000

Type  : Slow 1100mV 0C Model Hold 'CLOCK_500:b2v_inst4|COUNTER_500[9]'
Slack : 0.183
TNS   : 0.000

Type  : Slow 1100mV 0C Model Hold 'AUD_ADCLRCK'
Slack : 0.209
TNS   : 0.000

Type  : Slow 1100mV 0C Model Hold 'AUD_BCLK'
Slack : 0.283
TNS   : 0.000

Type  : Slow 1100mV 0C Model Hold 'keytr:KEY_0|KEYON'
Slack : 0.765
TNS   : 0.000

Type  : Slow 1100mV 0C Model Recovery 'i2c:b2v_inst|END_TR'
Slack : -4.829
TNS   : -33.787

Type  : Slow 1100mV 0C Model Recovery 'CLOCK_500:b2v_inst4|COUNTER_500[9]'
Slack : -1.390
TNS   : -25.570

Type  : Slow 1100mV 0C Model Removal 'CLOCK_500:b2v_inst4|COUNTER_500[9]'
Slack : 0.428
TNS   : 0.000

Type  : Slow 1100mV 0C Model Removal 'i2c:b2v_inst|END_TR'
Slack : 0.590
TNS   : 0.000

Type  : Slow 1100mV 0C Model Minimum Pulse Width 'AUD_ADCLRCK'
Slack : -2.225
TNS   : -6493.711

Type  : Slow 1100mV 0C Model Minimum Pulse Width 'AUD_BCLK'
Slack : -0.394
TNS   : -24.320

Type  : Slow 1100mV 0C Model Minimum Pulse Width 'CLOCK_500:b2v_inst4|COUNTER_500[9]'
Slack : -0.394
TNS   : -17.797

Type  : Slow 1100mV 0C Model Minimum Pulse Width 'i2c:b2v_inst|END_TR'
Slack : -0.394
TNS   : -10.192

Type  : Slow 1100mV 0C Model Minimum Pulse Width 'keytr:KEY_0|KEYON'
Slack : -0.394
TNS   : -8.541

Type  : Slow 1100mV 0C Model Minimum Pulse Width 'CLOCK_50'
Slack : -0.394
TNS   : -6.969

Type  : Fast 1100mV 85C Model Setup 'AUD_ADCLRCK'
Slack : -5.205
TNS   : -1981.308

Type  : Fast 1100mV 85C Model Setup 'AUD_BCLK'
Slack : -4.296
TNS   : -78.180

Type  : Fast 1100mV 85C Model Setup 'CLOCK_50'
Slack : -2.851
TNS   : -6.030

Type  : Fast 1100mV 85C Model Setup 'CLOCK_500:b2v_inst4|COUNTER_500[9]'
Slack : -2.563
TNS   : -39.177

Type  : Fast 1100mV 85C Model Setup 'keytr:KEY_0|KEYON'
Slack : -1.228
TNS   : -13.310

Type  : Fast 1100mV 85C Model Setup 'i2c:b2v_inst|END_TR'
Slack : -1.096
TNS   : -12.580

Type  : Fast 1100mV 85C Model Hold 'CLOCK_500:b2v_inst4|COUNTER_500[9]'
Slack : 0.005
TNS   : 0.000

Type  : Fast 1100mV 85C Model Hold 'i2c:b2v_inst|END_TR'
Slack : 0.086
TNS   : 0.000

Type  : Fast 1100mV 85C Model Hold 'AUD_BCLK'
Slack : 0.139
TNS   : 0.000

Type  : Fast 1100mV 85C Model Hold 'AUD_ADCLRCK'
Slack : 0.199
TNS   : 0.000

Type  : Fast 1100mV 85C Model Hold 'CLOCK_50'
Slack : 0.208
TNS   : 0.000

Type  : Fast 1100mV 85C Model Hold 'keytr:KEY_0|KEYON'
Slack : 0.345
TNS   : 0.000

Type  : Fast 1100mV 85C Model Recovery 'i2c:b2v_inst|END_TR'
Slack : -2.639
TNS   : -18.466

Type  : Fast 1100mV 85C Model Recovery 'CLOCK_500:b2v_inst4|COUNTER_500[9]'
Slack : -1.002
TNS   : -14.591

Type  : Fast 1100mV 85C Model Removal 'CLOCK_500:b2v_inst4|COUNTER_500[9]'
Slack : 0.107
TNS   : 0.000

Type  : Fast 1100mV 85C Model Removal 'i2c:b2v_inst|END_TR'
Slack : 0.147
TNS   : 0.000

Type  : Fast 1100mV 85C Model Minimum Pulse Width 'AUD_ADCLRCK'
Slack : -1.702
TNS   : -6831.016

Type  : Fast 1100mV 85C Model Minimum Pulse Width 'CLOCK_50'
Slack : -0.376
TNS   : -1.292

Type  : Fast 1100mV 85C Model Minimum Pulse Width 'AUD_BCLK'
Slack : -0.205
TNS   : -9.530

Type  : Fast 1100mV 85C Model Minimum Pulse Width 'CLOCK_500:b2v_inst4|COUNTER_500[9]'
Slack : 0.009
TNS   : 0.000

Type  : Fast 1100mV 85C Model Minimum Pulse Width 'keytr:KEY_0|KEYON'
Slack : 0.020
TNS   : 0.000

Type  : Fast 1100mV 85C Model Minimum Pulse Width 'i2c:b2v_inst|END_TR'
Slack : 0.071
TNS   : 0.000

Type  : Fast 1100mV 0C Model Setup 'AUD_ADCLRCK'
Slack : -4.900
TNS   : -1519.523

Type  : Fast 1100mV 0C Model Setup 'AUD_BCLK'
Slack : -3.594
TNS   : -66.998

Type  : Fast 1100mV 0C Model Setup 'CLOCK_500:b2v_inst4|COUNTER_500[9]'
Slack : -2.419
TNS   : -35.242

Type  : Fast 1100mV 0C Model Setup 'CLOCK_50'
Slack : -2.408
TNS   : -4.962

Type  : Fast 1100mV 0C Model Setup 'keytr:KEY_0|KEYON'
Slack : -1.054
TNS   : -11.653

Type  : Fast 1100mV 0C Model Setup 'i2c:b2v_inst|END_TR'
Slack : -0.969
TNS   : -10.545

Type  : Fast 1100mV 0C Model Hold 'CLOCK_500:b2v_inst4|COUNTER_500[9]'
Slack : -0.025
TNS   : -0.267

Type  : Fast 1100mV 0C Model Hold 'CLOCK_50'
Slack : 0.041
TNS   : 0.000

Type  : Fast 1100mV 0C Model Hold 'i2c:b2v_inst|END_TR'
Slack : 0.085
TNS   : 0.000

Type  : Fast 1100mV 0C Model Hold 'AUD_BCLK'
Slack : 0.148
TNS   : 0.000

Type  : Fast 1100mV 0C Model Hold 'AUD_ADCLRCK'
Slack : 0.198
TNS   : 0.000

Type  : Fast 1100mV 0C Model Hold 'keytr:KEY_0|KEYON'
Slack : 0.313
TNS   : 0.000

Type  : Fast 1100mV 0C Model Recovery 'i2c:b2v_inst|END_TR'
Slack : -2.524
TNS   : -17.661

Type  : Fast 1100mV 0C Model Recovery 'CLOCK_500:b2v_inst4|COUNTER_500[9]'
Slack : -0.873
TNS   : -12.207

Type  : Fast 1100mV 0C Model Removal 'CLOCK_500:b2v_inst4|COUNTER_500[9]'
Slack : 0.055
TNS   : 0.000

Type  : Fast 1100mV 0C Model Removal 'i2c:b2v_inst|END_TR'
Slack : 0.109
TNS   : 0.000

Type  : Fast 1100mV 0C Model Minimum Pulse Width 'AUD_ADCLRCK'
Slack : -1.702
TNS   : -6861.980

Type  : Fast 1100mV 0C Model Minimum Pulse Width 'CLOCK_50'
Slack : -0.382
TNS   : -1.333

Type  : Fast 1100mV 0C Model Minimum Pulse Width 'AUD_BCLK'
Slack : -0.228
TNS   : -10.688

Type  : Fast 1100mV 0C Model Minimum Pulse Width 'CLOCK_500:b2v_inst4|COUNTER_500[9]'
Slack : 0.052
TNS   : 0.000

Type  : Fast 1100mV 0C Model Minimum Pulse Width 'keytr:KEY_0|KEYON'
Slack : 0.060
TNS   : 0.000

Type  : Fast 1100mV 0C Model Minimum Pulse Width 'i2c:b2v_inst|END_TR'
Slack : 0.085
TNS   : 0.000

------------------------------------------------------------
